INFO:     Will watch for changes in these directories: ['C:\\Users\\harsh\\fastapi-project']
INFO:     Uvicorn running on http://0.0.0.0:8000 (Press CTRL+C to quit)
INFO:     Started reloader process [23056] using WatchFiles
INFO:     Started server process [17628]
INFO:     Waiting for application startup.
INFO  [alembic.runtime.migration] Context impl PostgresqlImpl.
INFO  [alembic.runtime.migration] Will assume transactional DDL.
INFO  [alembic.runtime.migration] Running upgrade 9cc0dd9aace5 -> abcd1234efgh, Add lead CRM fields
WARNI [app.core.permissions] VERIFY_PERMISSION sub=a9170e3f-bfcf-4282-bcc2-3e8f153356d8 role=HOSPITAL_ADMIN checking=['MANAGE_PATIENTS', 'VIEW_ALL_PATIENTS']
WARNI [app.core.permissions] VERIFY_PERMISSION OK: sub=a9170e3f-bfcf-4282-bcc2-3e8f153356d8 role=HOSPITAL_ADMIN
WARNI [app.core.permissions] VERIFY_PERMISSION sub=a9170e3f-bfcf-4282-bcc2-3e8f153356d8 role=HOSPITAL_ADMIN checking=['MANAGE_APPOINTMENTS']
WARNI [app.core.permissions] VERIFY_PERMISSION OK: sub=a9170e3f-bfcf-4282-bcc2-3e8f153356d8 role=HOSPITAL_ADMIN
WARNI [app.core.permissions] VERIFY_PERMISSION sub=a9170e3f-bfcf-4282-bcc2-3e8f153356d8 role=HOSPITAL_ADMIN checking=['VIEW_ALL_DOCTORS', 'MANAGE_STAFF']
WARNI [app.core.permissions] VERIFY_PERMISSION OK: sub=a9170e3f-bfcf-4282-bcc2-3e8f153356d8 role=HOSPITAL_ADMIN
WARNI [app.core.permissions] VERIFY_PERMISSION sub=a9170e3f-bfcf-4282-bcc2-3e8f153356d8 role=HOSPITAL_ADMIN checking=['MANAGE_PATIENTS', 'VIEW_ALL_PATIENTS']
WARNI [app.core.permissions] VERIFY_PERMISSION OK: sub=a9170e3f-bfcf-4282-bcc2-3e8f153356d8 role=HOSPITAL_ADMIN
WARNI [app.core.permissions] VERIFY_PERMISSION sub=a9170e3f-bfcf-4282-bcc2-3e8f153356d8 role=HOSPITAL_ADMIN checking=['MANAGE_CASES', 'VIEW_ALL_PATIENTS']
WARNI [app.core.permissions] VERIFY_PERMISSION OK: sub=a9170e3f-bfcf-4282-bcc2-3e8f153356d8 role=HOSPITAL_ADMIN
WARNI [app.core.permissions] VERIFY_PERMISSION sub=a9170e3f-bfcf-4282-bcc2-3e8f153356d8 role=HOSPITAL_ADMIN checking=['MANAGE_PATIENTS']
WARNI [app.core.permissions] VERIFY_PERMISSION OK: sub=a9170e3f-bfcf-4282-bcc2-3e8f153356d8 role=HOSPITAL_ADMIN
WARNI [app.core.permissions] VERIFY_PERMISSION sub=a9170e3f-bfcf-4282-bcc2-3e8f153356d8 role=HOSPITAL_ADMIN checking=['VIEW_LEADS', 'MANAGE_LEADS']
WARNI [app.core.permissions] VERIFY_PERMISSION OK: sub=a9170e3f-bfcf-4282-bcc2-3e8f153356d8 role=HOSPITAL_ADMIN
WARNI [app.core.permissions] VERIFY_PERMISSION sub=a9170e3f-bfcf-4282-bcc2-3e8f153356d8 role=HOSPITAL_ADMIN checking=['VIEW_LEADS', 'MANAGE_LEADS']
WARNI [app.core.permissions] VERIFY_PERMISSION OK: sub=a9170e3f-bfcf-4282-bcc2-3e8f153356d8 role=HOSPITAL_ADMIN
WARNI [app.core.permissions] VERIFY_PERMISSION sub=a9170e3f-bfcf-4282-bcc2-3e8f153356d8 role=HOSPITAL_ADMIN checking=['VIEW_LEADS', 'MANAGE_LEADS']
WARNI [app.core.permissions] VERIFY_PERMISSION OK: sub=a9170e3f-bfcf-4282-bcc2-3e8f153356d8 role=HOSPITAL_ADMIN
WARNI [app.core.permissions] VERIFY_PERMISSION sub=a9170e3f-bfcf-4282-bcc2-3e8f153356d8 role=HOSPITAL_ADMIN checking=['VIEW_LEADS', 'MANAGE_LEADS']
WARNI [app.core.permissions] VERIFY_PERMISSION OK: sub=a9170e3f-bfcf-4282-bcc2-3e8f153356d8 role=HOSPITAL_ADMIN
WARNI [app.core.permissions] VERIFY_PERMISSION sub=a9170e3f-bfcf-4282-bcc2-3e8f153356d8 role=HOSPITAL_ADMIN checking=['VIEW_LEADS', 'MANAGE_LEADS']
WARNI [app.core.permissions] VERIFY_PERMISSION OK: sub=a9170e3f-bfcf-4282-bcc2-3e8f153356d8 role=HOSPITAL_ADMIN
WARNI [app.core.permissions] VERIFY_PERMISSION sub=a9170e3f-bfcf-4282-bcc2-3e8f153356d8 role=HOSPITAL_ADMIN checking=['VIEW_LEADS', 'MANAGE_LEADS']
WARNI [app.core.permissions] VERIFY_PERMISSION OK: sub=a9170e3f-bfcf-4282-bcc2-3e8f153356d8 role=HOSPITAL_ADMIN
WARNI [app.core.permissions] VERIFY_PERMISSION sub=a9170e3f-bfcf-4282-bcc2-3e8f153356d8 role=HOSPITAL_ADMIN checking=['VIEW_LEADS', 'MANAGE_LEADS']
WARNI [app.core.permissions] VERIFY_PERMISSION OK: sub=a9170e3f-bfcf-4282-bcc2-3e8f153356d8 role=HOSPITAL_ADMIN
WARNI [app.core.permissions] VERIFY_PERMISSION sub=a9170e3f-bfcf-4282-bcc2-3e8f153356d8 role=HOSPITAL_ADMIN checking=['VIEW_LEADS', 'MANAGE_LEADS']
WARNI [app.core.permissions] VERIFY_PERMISSION OK: sub=a9170e3f-bfcf-4282-bcc2-3e8f153356d8 role=HOSPITAL_ADMIN
WARNI [app.core.permissions] VERIFY_PERMISSION sub=a9170e3f-bfcf-4282-bcc2-3e8f153356d8 role=HOSPITAL_ADMIN checking=['VIEW_LEADS', 'MANAGE_LEADS']
WARNI [app.core.permissions] VERIFY_PERMISSION OK: sub=a9170e3f-bfcf-4282-bcc2-3e8f153356d8 role=HOSPITAL_ADMIN
WARNI [app.core.permissions] VERIFY_PERMISSION sub=a9170e3f-bfcf-4282-bcc2-3e8f153356d8 role=HOSPITAL_ADMIN checking=['VIEW_LEADS', 'MANAGE_LEADS']
WARNI [app.core.permissions] VERIFY_PERMISSION OK: sub=a9170e3f-bfcf-4282-bcc2-3e8f153356d8 role=HOSPITAL_ADMIN
WARNI [app.core.permissions] VERIFY_PERMISSION sub=a9170e3f-bfcf-4282-bcc2-3e8f153356d8 role=HOSPITAL_ADMIN checking=['VIEW_LEADS', 'MANAGE_LEADS']
WARNI [app.core.permissions] VERIFY_PERMISSION OK: sub=a9170e3f-bfcf-4282-bcc2-3e8f153356d8 role=HOSPITAL_ADMIN
WARNI [app.core.permissions] VERIFY_PERMISSION sub=a9170e3f-bfcf-4282-bcc2-3e8f153356d8 role=HOSPITAL_ADMIN checking=['VIEW_LEADS', 'MANAGE_LEADS']
WARNI [app.core.permissions] VERIFY_PERMISSION OK: sub=a9170e3f-bfcf-4282-bcc2-3e8f153356d8 role=HOSPITAL_ADMIN
WARNI [app.core.permissions] VERIFY_PERMISSION sub=a9170e3f-bfcf-4282-bcc2-3e8f153356d8 role=HOSPITAL_ADMIN checking=['MANAGE_PATIENTS', 'VIEW_ALL_PATIENTS']
WARNI [app.core.permissions] VERIFY_PERMISSION OK: sub=a9170e3f-bfcf-4282-bcc2-3e8f153356d8 role=HOSPITAL_ADMIN
WARNING:  WatchFiles detected changes in 'app\models\whatsapp_config.py'. Reloading...
WARNING:  WatchFiles detected changes in 'app\routers\whatsapp_config.py', 'alembic\versions\add_whatsapp_config.py', 'app\utils\whatsapp.py'. Reloading...
C:\Users\harsh\AppData\Local\Programs\Python\Python314\Lib\site-packages\uvicorn\_subprocess.py:84: RuntimeWarning: coroutine 'Server.serve' was never awaited
  pass
RuntimeWarning: Enable tracemalloc to get the object allocation traceback
INFO:     Started server process [22508]
INFO:     Waiting for application startup.
INFO  [alembic.runtime.migration] Context impl PostgresqlImpl.
INFO  [alembic.runtime.migration] Will assume transactional DDL.
INFO  [alembic.runtime.migration] Running upgrade abcd1234efgh -> e5f6a7b8c9d0, Add WhatsApp config table
WARNING:  WatchFiles detected changes in 'app\routers\whatsapp_config.py'. Reloading...
WARNI [app.core.permissions] VERIFY_PERMISSION sub=a9170e3f-bfcf-4282-bcc2-3e8f153356d8 role=HOSPITAL_ADMIN checking=['MANAGE_PATIENTS', 'VIEW_ALL_PATIENTS']
WARNI [app.core.permissions] VERIFY_PERMISSION OK: sub=a9170e3f-bfcf-4282-bcc2-3e8f153356d8 role=HOSPITAL_ADMIN
WARNING:  WatchFiles detected changes in 'app\main.py'. Reloading...
C:\Users\harsh\AppData\Local\Programs\Python\Python314\Lib\site-packages\uvicorn\_subprocess.py:84: RuntimeWarning: coroutine 'Server.serve' was never awaited
  pass
RuntimeWarning: Enable tracemalloc to get the object allocation traceback
INFO:     Started server process [8920]
INFO:     Waiting for application startup.
INFO  [alembic.runtime.migration] Context impl PostgresqlImpl.
INFO  [alembic.runtime.migration] Will assume transactional DDL.
WARNI [app.core.permissions] VERIFY_PERMISSION sub=a9170e3f-bfcf-4282-bcc2-3e8f153356d8 role=HOSPITAL_ADMIN checking=['VIEW_ALL_DOCTORS', 'MANAGE_STAFF']
WARNI [app.core.permissions] VERIFY_PERMISSION OK: sub=a9170e3f-bfcf-4282-bcc2-3e8f153356d8 role=HOSPITAL_ADMIN
WARNI [app.core.permissions] VERIFY_PERMISSION sub=a9170e3f-bfcf-4282-bcc2-3e8f153356d8 role=HOSPITAL_ADMIN checking=['VIEW_LEADS', 'MANAGE_LEADS']
WARNI [app.core.permissions] VERIFY_PERMISSION OK: sub=a9170e3f-bfcf-4282-bcc2-3e8f153356d8 role=HOSPITAL_ADMIN
WARNI [app.core.permissions] VERIFY_PERMISSION sub=a9170e3f-bfcf-4282-bcc2-3e8f153356d8 role=HOSPITAL_ADMIN checking=['MANAGE_PATIENTS', 'VIEW_ALL_PATIENTS']
WARNI [app.core.permissions] VERIFY_PERMISSION OK: sub=a9170e3f-bfcf-4282-bcc2-3e8f153356d8 role=HOSPITAL_ADMIN
WARNI [app.core.permissions] VERIFY_PERMISSION sub=a9170e3f-bfcf-4282-bcc2-3e8f153356d8 role=HOSPITAL_ADMIN checking=['MANAGE_PATIENTS', 'VIEW_ALL_PATIENTS']
WARNI [app.core.permissions] VERIFY_PERMISSION OK: sub=a9170e3f-bfcf-4282-bcc2-3e8f153356d8 role=HOSPITAL_ADMIN
WARNI [app.core.permissions] VERIFY_PERMISSION sub=a9170e3f-bfcf-4282-bcc2-3e8f153356d8 role=HOSPITAL_ADMIN checking=['MANAGE_PATIENTS']
WARNI [app.core.permissions] VERIFY_PERMISSION OK: sub=a9170e3f-bfcf-4282-bcc2-3e8f153356d8 role=HOSPITAL_ADMIN
WARNI [app.core.permissions] VERIFY_PERMISSION sub=a9170e3f-bfcf-4282-bcc2-3e8f153356d8 role=HOSPITAL_ADMIN checking=['MANAGE_PATIENTS']
WARNI [app.core.permissions] VERIFY_PERMISSION OK: sub=a9170e3f-bfcf-4282-bcc2-3e8f153356d8 role=HOSPITAL_ADMIN
WARNI [app.core.permissions] VERIFY_PERMISSION sub=a9170e3f-bfcf-4282-bcc2-3e8f153356d8 role=HOSPITAL_ADMIN checking=['VIEW_LEADS', 'MANAGE_LEADS']
WARNI [app.core.permissions] VERIFY_PERMISSION OK: sub=a9170e3f-bfcf-4282-bcc2-3e8f153356d8 role=HOSPITAL_ADMIN
WARNI [app.core.permissions] VERIFY_PERMISSION sub=a9170e3f-bfcf-4282-bcc2-3e8f153356d8 role=HOSPITAL_ADMIN checking=['MANAGE_PATIENTS']
WARNI [app.core.permissions] VERIFY_PERMISSION OK: sub=a9170e3f-bfcf-4282-bcc2-3e8f153356d8 role=HOSPITAL_ADMIN
WARNI [app.core.permissions] VERIFY_PERMISSION sub=a9170e3f-bfcf-4282-bcc2-3e8f153356d8 role=HOSPITAL_ADMIN checking=['MANAGE_PATIENTS']
WARNI [app.core.permissions] VERIFY_PERMISSION OK: sub=a9170e3f-bfcf-4282-bcc2-3e8f153356d8 role=HOSPITAL_ADMIN
WARNI [app.core.permissions] VERIFY_PERMISSION sub=a9170e3f-bfcf-4282-bcc2-3e8f153356d8 role=HOSPITAL_ADMIN checking=['MANAGE_PATIENTS']
WARNI [app.core.permissions] VERIFY_PERMISSION OK: sub=a9170e3f-bfcf-4282-bcc2-3e8f153356d8 role=HOSPITAL_ADMIN
WARNI [app.core.permissions] VERIFY_PERMISSION sub=a9170e3f-bfcf-4282-bcc2-3e8f153356d8 role=HOSPITAL_ADMIN checking=['MANAGE_PATIENTS', 'VIEW_ALL_PATIENTS']
WARNI [app.core.permissions] VERIFY_PERMISSION OK: sub=a9170e3f-bfcf-4282-bcc2-3e8f153356d8 role=HOSPITAL_ADMIN
WARNI [app.core.permissions] VERIFY_PERMISSION sub=a9170e3f-bfcf-4282-bcc2-3e8f153356d8 role=HOSPITAL_ADMIN checking=['MANAGE_PATIENTS', 'VIEW_ALL_PATIENTS']
WARNI [app.core.permissions] VERIFY_PERMISSION OK: sub=a9170e3f-bfcf-4282-bcc2-3e8f153356d8 role=HOSPITAL_ADMIN
WARNI [app.core.permissions] VERIFY_PERMISSION sub=a9170e3f-bfcf-4282-bcc2-3e8f153356d8 role=HOSPITAL_ADMIN checking=['VIEW_ALL_DOCTORS', 'MANAGE_STAFF']
WARNI [app.core.permissions] VERIFY_PERMISSION OK: sub=a9170e3f-bfcf-4282-bcc2-3e8f153356d8 role=HOSPITAL_ADMIN
WARNI [app.core.permissions] VERIFY_PERMISSION sub=a9170e3f-bfcf-4282-bcc2-3e8f153356d8 role=HOSPITAL_ADMIN checking=['VIEW_LEADS', 'MANAGE_LEADS']
WARNI [app.core.permissions] VERIFY_PERMISSION OK: sub=a9170e3f-bfcf-4282-bcc2-3e8f153356d8 role=HOSPITAL_ADMIN
WARNI [app.core.permissions] VERIFY_PERMISSION sub=a9170e3f-bfcf-4282-bcc2-3e8f153356d8 role=HOSPITAL_ADMIN checking=['MANAGE_PATIENTS', 'VIEW_ALL_PATIENTS']
WARNI [app.core.permissions] VERIFY_PERMISSION OK: sub=a9170e3f-bfcf-4282-bcc2-3e8f153356d8 role=HOSPITAL_ADMIN
WARNI [app.core.permissions] VERIFY_PERMISSION sub=a9170e3f-bfcf-4282-bcc2-3e8f153356d8 role=HOSPITAL_ADMIN checking=['VIEW_ALL_DOCTORS', 'MANAGE_STAFF']
WARNI [app.core.permissions] VERIFY_PERMISSION OK: sub=a9170e3f-bfcf-4282-bcc2-3e8f153356d8 role=HOSPITAL_ADMIN
WARNI [app.core.permissions] VERIFY_PERMISSION sub=a9170e3f-bfcf-4282-bcc2-3e8f153356d8 role=HOSPITAL_ADMIN checking=['VIEW_LEADS', 'MANAGE_LEADS']
WARNI [app.core.permissions] VERIFY_PERMISSION OK: sub=a9170e3f-bfcf-4282-bcc2-3e8f153356d8 role=HOSPITAL_ADMIN
WARNI [app.core.permissions] VERIFY_PERMISSION sub=a9170e3f-bfcf-4282-bcc2-3e8f153356d8 role=HOSPITAL_ADMIN checking=['MANAGE_PATIENTS']
WARNI [app.core.permissions] VERIFY_PERMISSION OK: sub=a9170e3f-bfcf-4282-bcc2-3e8f153356d8 role=HOSPITAL_ADMIN
WARNI [app.core.permissions] VERIFY_PERMISSION sub=a9170e3f-bfcf-4282-bcc2-3e8f153356d8 role=HOSPITAL_ADMIN checking=['MANAGE_PATIENTS', 'VIEW_ALL_PATIENTS']
WARNI [app.core.permissions] VERIFY_PERMISSION OK: sub=a9170e3f-bfcf-4282-bcc2-3e8f153356d8 role=HOSPITAL_ADMIN
WARNI [app.core.permissions] VERIFY_PERMISSION sub=a9170e3f-bfcf-4282-bcc2-3e8f153356d8 role=HOSPITAL_ADMIN checking=['VIEW_LEADS', 'MANAGE_LEADS']
WARNI [app.core.permissions] VERIFY_PERMISSION OK: sub=a9170e3f-bfcf-4282-bcc2-3e8f153356d8 role=HOSPITAL_ADMIN
WARNI [app.core.permissions] VERIFY_PERMISSION sub=a9170e3f-bfcf-4282-bcc2-3e8f153356d8 role=HOSPITAL_ADMIN checking=['VIEW_ALL_DOCTORS', 'MANAGE_STAFF']
WARNI [app.core.permissions] VERIFY_PERMISSION OK: sub=a9170e3f-bfcf-4282-bcc2-3e8f153356d8 role=HOSPITAL_ADMIN
WARNI [app.core.permissions] VERIFY_PERMISSION sub=a9170e3f-bfcf-4282-bcc2-3e8f153356d8 role=HOSPITAL_ADMIN checking=['MANAGE_PATIENTS']
WARNI [app.core.permissions] VERIFY_PERMISSION OK: sub=a9170e3f-bfcf-4282-bcc2-3e8f153356d8 role=HOSPITAL_ADMIN
WARNI [app.core.permissions] VERIFY_PERMISSION sub=a9170e3f-bfcf-4282-bcc2-3e8f153356d8 role=HOSPITAL_ADMIN checking=['VIEW_LEADS', 'MANAGE_LEADS']
WARNI [app.core.permissions] VERIFY_PERMISSION OK: sub=a9170e3f-bfcf-4282-bcc2-3e8f153356d8 role=HOSPITAL_ADMIN
WARNI [app.core.permissions] VERIFY_PERMISSION sub=a9170e3f-bfcf-4282-bcc2-3e8f153356d8 role=HOSPITAL_ADMIN checking=['VIEW_LEADS', 'MANAGE_LEADS']
WARNI [app.core.permissions] VERIFY_PERMISSION OK: sub=a9170e3f-bfcf-4282-bcc2-3e8f153356d8 role=HOSPITAL_ADMIN
WARNI [app.core.permissions] VERIFY_PERMISSION sub=a9170e3f-bfcf-4282-bcc2-3e8f153356d8 role=HOSPITAL_ADMIN checking=['VIEW_LEADS', 'MANAGE_LEADS']
WARNI [app.core.permissions] VERIFY_PERMISSION OK: sub=a9170e3f-bfcf-4282-bcc2-3e8f153356d8 role=HOSPITAL_ADMIN
WARNI [app.core.permissions] VERIFY_PERMISSION sub=a9170e3f-bfcf-4282-bcc2-3e8f153356d8 role=HOSPITAL_ADMIN checking=['VIEW_LEADS', 'MANAGE_LEADS']
WARNI [app.core.permissions] VERIFY_PERMISSION OK: sub=a9170e3f-bfcf-4282-bcc2-3e8f153356d8 role=HOSPITAL_ADMIN
WARNI [app.core.permissions] VERIFY_PERMISSION sub=a9170e3f-bfcf-4282-bcc2-3e8f153356d8 role=HOSPITAL_ADMIN checking=['VIEW_LEADS', 'MANAGE_LEADS']
WARNI [app.core.permissions] VERIFY_PERMISSION OK: sub=a9170e3f-bfcf-4282-bcc2-3e8f153356d8 role=HOSPITAL_ADMIN
WARNI [app.core.permissions] VERIFY_PERMISSION sub=a9170e3f-bfcf-4282-bcc2-3e8f153356d8 role=HOSPITAL_ADMIN checking=['VIEW_LEADS', 'MANAGE_LEADS']
WARNI [app.core.permissions] VERIFY_PERMISSION OK: sub=a9170e3f-bfcf-4282-bcc2-3e8f153356d8 role=HOSPITAL_ADMIN
WARNI [app.core.permissions] VERIFY_PERMISSION sub=a9170e3f-bfcf-4282-bcc2-3e8f153356d8 role=HOSPITAL_ADMIN checking=['VIEW_LEADS', 'MANAGE_LEADS']
WARNI [app.core.permissions] VERIFY_PERMISSION OK: sub=a9170e3f-bfcf-4282-bcc2-3e8f153356d8 role=HOSPITAL_ADMIN
WARNI [app.core.permissions] VERIFY_PERMISSION sub=a9170e3f-bfcf-4282-bcc2-3e8f153356d8 role=HOSPITAL_ADMIN checking=['VIEW_LEADS', 'MANAGE_LEADS']
WARNI [app.core.permissions] VERIFY_PERMISSION OK: sub=a9170e3f-bfcf-4282-bcc2-3e8f153356d8 role=HOSPITAL_ADMIN
WARNI [app.core.permissions] VERIFY_PERMISSION sub=a9170e3f-bfcf-4282-bcc2-3e8f153356d8 role=HOSPITAL_ADMIN checking=['VIEW_LEADS', 'MANAGE_LEADS']
WARNI [app.core.permissions] VERIFY_PERMISSION OK: sub=a9170e3f-bfcf-4282-bcc2-3e8f153356d8 role=HOSPITAL_ADMIN
WARNI [app.core.permissions] VERIFY_PERMISSION sub=a9170e3f-bfcf-4282-bcc2-3e8f153356d8 role=HOSPITAL_ADMIN checking=['VIEW_LEADS', 'MANAGE_LEADS']
WARNI [app.core.permissions] VERIFY_PERMISSION OK: sub=a9170e3f-bfcf-4282-bcc2-3e8f153356d8 role=HOSPITAL_ADMIN
WARNI [app.core.permissions] VERIFY_PERMISSION sub=a9170e3f-bfcf-4282-bcc2-3e8f153356d8 role=HOSPITAL_ADMIN checking=['VIEW_LEADS', 'MANAGE_LEADS']
WARNI [app.core.permissions] VERIFY_PERMISSION OK: sub=a9170e3f-bfcf-4282-bcc2-3e8f153356d8 role=HOSPITAL_ADMIN
WARNI [app.core.permissions] VERIFY_PERMISSION sub=a9170e3f-bfcf-4282-bcc2-3e8f153356d8 role=HOSPITAL_ADMIN checking=['VIEW_LEADS', 'MANAGE_LEADS']
WARNI [app.core.permissions] VERIFY_PERMISSION OK: sub=a9170e3f-bfcf-4282-bcc2-3e8f153356d8 role=HOSPITAL_ADMIN
WARNI [app.core.permissions] VERIFY_PERMISSION sub=a9170e3f-bfcf-4282-bcc2-3e8f153356d8 role=HOSPITAL_ADMIN checking=['VIEW_LEADS', 'MANAGE_LEADS']
WARNI [app.core.permissions] VERIFY_PERMISSION OK: sub=a9170e3f-bfcf-4282-bcc2-3e8f153356d8 role=HOSPITAL_ADMIN
